******************************************************************************
                  TI ARM Linker PC v18.1.2                     
******************************************************************************
>> Linked Mon Jun  1 07:27:52 2020

OUTPUT FILE NAME:   <EGR_424_Project_2_2.0.out>
ENTRY POINT SYMBOL: "_c_int00_noargs"  address: 00000e15


MEMORY CONFIGURATION

         name            origin    length      used     unused   attr    fill
----------------------  --------  ---------  --------  --------  ----  --------
  MAIN                  00000000   00040000  00000efa  0003f106  R  X
  INFO                  00200000   00004000  00000000  00004000  R  X
  SRAM_CODE             01000000   00010000  00000221  0000fddf  RW X
  SRAM_DATA             20000000   00010000  00000221  0000fddf  RW  


SEGMENT ALLOCATION MAP

run origin  load origin   length   init length attrs members
----------  ----------- ---------- ----------- ----- -------
00000000    00000000    00000f00   00000f00    r-x
  00000000    00000000    000000e4   000000e4    r-- .intvecs
  000000e4    000000e4    00000dd6   00000dd6    r-x .text
  00000ec0    00000ec0    00000040   00000040    r-- .cinit
20000000    20000000    00000021   00000000    rw-
  20000000    20000000    0000001c   00000000    rw- .data
  2000001c    2000001c    00000005   00000000    rw- .bss
2000fe00    2000fe00    00000200   00000000    rw-
  2000fe00    2000fe00    00000200   00000000    rw- .stack


SECTION ALLOCATION MAP

 output                                  attributes/
section   page    origin      length       input sections
--------  ----  ----------  ----------   ----------------
.intvecs   0    00000000    000000e4     
                  00000000    000000e4     startup_msp432p401r_ccs.obj (.intvecs:retain)

.text      0    000000e4    00000dd6     
                  000000e4    00000334     system_msp432p401r.obj (.text)
                  00000418    000002c8     timer.obj (.text)
                  000006e0    000001b6     rtsv7M4_T_le_v4SPD16_eabi.lib : fd_add_t2.asm.obj (.text)
                  00000896    00000136                                   : fd_div_t2.asm.obj (.text)
                  000009cc    0000012c     uart.obj (.text)
                  00000af8    000000d2     main.obj (.text)
                  00000bca    0000009c     rtsv7M4_T_le_v4SPD16_eabi.lib : memcpy_t2.asm.obj (.text)
                  00000c66    0000006e                                   : fd_tos_t2.asm.obj (.text)
                  00000cd4    00000068                                   : copy_decompress_lzss.c.obj (.text:decompress:lzss:__TI_decompress_lzss)
                  00000d3c    0000004c     auxiliary.obj (.text)
                  00000d88    00000048     rtsv7M4_T_le_v4SPD16_eabi.lib : fd_toi_t2.asm.obj (.text)
                  00000dd0    00000044                                   : autoinit.c.obj (.text:__TI_auto_init_nobinit_nopinit:__TI_auto_init_nobinit_nopinit)
                  00000e14    00000038                                   : boot_cortex_m.c.obj (.text:_c_int00_noargs:_c_int00_noargs)
                  00000e4c    00000038                                   : fs_tod_t2.asm.obj (.text)
                  00000e84    00000012                                   : copy_zero_init.c.obj (.text:decompress:ZI:__TI_zero_init_nomemset:__TI_zero_init_nomemset)
                  00000e96    0000000e                                   : copy_decompress_none.c.obj (.text:decompress:none:__TI_decompress_none)
                  00000ea4    0000000e     startup_msp432p401r_ccs.obj (.text)
                  00000eb2    00000004     rtsv7M4_T_le_v4SPD16_eabi.lib : pre_init.c.obj (.text:_system_pre_init)
                  00000eb6    00000004                                   : exit.c.obj (.text:abort:abort)

.cinit     0    00000ec0    00000040     
                  00000ec0    00000016     (.cinit..data.load) [load image, compression = lzss]
                  00000ed6    00000002     --HOLE-- [fill = 0]
                  00000ed8    0000000c     (__TI_handler_table)
                  00000ee4    00000004     --HOLE-- [fill = 0]
                  00000ee8    00000008     (.cinit..bss.load) [load image, compression = zero_init]
                  00000ef0    00000010     (__TI_cinit_table)

.init_array 
*          0    00000000    00000000     UNINITIALIZED

.binit     0    00000000    00000000     

.data      0    20000000    0000001c     UNINITIALIZED
                  20000000    00000018     timer.obj (.data)
                  20000018    00000004     system_msp432p401r.obj (.data)

.bss       0    2000001c    00000005     UNINITIALIZED
                  2000001c    00000004     (.common:global_string)
                  20000020    00000001     (.common:value_entered)

.stack     0    2000fe00    00000200     UNINITIALIZED
                  2000fe00    00000004     rtsv7M4_T_le_v4SPD16_eabi.lib : boot_cortex_m.c.obj (.stack)
                  2000fe04    000001fc     --HOLE--

MODULE SUMMARY

       Module                        code   ro data   rw data
       ------                        ----   -------   -------
    .\
       system_msp432p401r.obj        820    0         8      
       timer.obj                     712    0         48     
       uart.obj                      300    0         8      
       startup_msp432p401r_ccs.obj   14     228       0      
       main.obj                      210    0         2      
       auxiliary.obj                 76     0         0      
    +--+-----------------------------+------+---------+---------+
       Total:                        2132   228       66     
                                                             
    C:\ti\ccsv8\tools\compiler\ti-cgt-arm_18.1.2.LTS\lib\rtsv7M4_T_le_v4SPD16_eabi.lib
       fd_add_t2.asm.obj             438    0         0      
       fd_div_t2.asm.obj             310    0         0      
       memcpy_t2.asm.obj             156    0         0      
       fd_tos_t2.asm.obj             110    0         0      
       copy_decompress_lzss.c.obj    104    0         0      
       fd_toi_t2.asm.obj             72     0         0      
       autoinit.c.obj                68     0         0      
       boot_cortex_m.c.obj           56     0         0      
       fs_tod_t2.asm.obj             56     0         0      
       copy_zero_init.c.obj          18     0         0      
       copy_decompress_none.c.obj    14     0         0      
       exit.c.obj                    4      0         0      
       pre_init.c.obj                4      0         0      
    +--+-----------------------------+------+---------+---------+
       Total:                        1410   0         0      
                                                             
       Stack:                        0      0         1024   
       Linker Generated:             0      58        0      
    +--+-----------------------------+------+---------+---------+
       Grand Total:                  3542   286       1090   


LINKER GENERATED COPY TABLES

__TI_cinit_table @ 00000ef0 records: 2, size/record: 8, table size: 16
	.data: load addr=00000ec0, load size=00000016 bytes, run addr=20000000, run size=0000001c bytes, compression=lzss
	.bss: load addr=00000ee8, load size=00000008 bytes, run addr=2000001c, run size=00000005 bytes, compression=zero_init


LINKER GENERATED HANDLER TABLE

__TI_handler_table @ 00000ed8 records: 3, size/record: 4, table size: 12
	index: 0, handler: __TI_decompress_lzss
	index: 1, handler: __TI_decompress_none
	index: 2, handler: __TI_zero_init


GLOBAL SYMBOLS: SORTED ALPHABETICALLY BY Name 

address   name                          
-------   ----                          
00000eb1  ADC14_IRQHandler              
00000eb1  AES256_IRQHandler             
00000eb1  BusFault_Handler              
00000eb7  C$$EXIT                       
00000eb1  COMP_E0_IRQHandler            
00000eb1  COMP_E1_IRQHandler            
00000eb1  CS_IRQHandler                 
00000eb1  DMA_ERR_IRQHandler            
00000eb1  DMA_INT0_IRQHandler           
00000eb1  DMA_INT1_IRQHandler           
00000eb1  DMA_INT2_IRQHandler           
00000eb1  DMA_INT3_IRQHandler           
00000eb1  DebugMon_Handler              
00000eb1  Default_Handler               
00000a7b  EUSCIA0_IRQHandler            
00000a7b  EUSCIA0_IRQHandler            
00000eb1  EUSCIA1_IRQHandler            
00000eb1  EUSCIA2_IRQHandler            
00000eb1  EUSCIA3_IRQHandler            
00000eb1  EUSCIB0_IRQHandler            
00000eb1  EUSCIB1_IRQHandler            
00000eb1  EUSCIB2_IRQHandler            
00000eb1  EUSCIB3_IRQHandler            
00000eb1  FLCTL_IRQHandler              
00000eb1  FPU_IRQHandler                
00000eb1  HardFault_Handler             
00000eb1  MemManage_Handler             
00000eb1  NMI_Handler                   
00000eb1  PCM_IRQHandler                
00000eb1  PORT1_IRQHandler              
00000eb1  PORT2_IRQHandler              
00000eb1  PORT3_IRQHandler              
00000eb1  PORT4_IRQHandler              
00000eb1  PORT5_IRQHandler              
00000eb1  PORT6_IRQHandler              
00000eb1  PSS_IRQHandler                
00000eb1  PendSV_Handler                
20000008  RPM                           
00000eb1  RTC_C_IRQHandler              
00000ea5  Reset_Handler                 
00000eb1  SVC_Handler                   
00000eb1  SysTick_Handler               
20000018  SystemCoreClock               
000000e5  SystemCoreClockUpdate         
0000035d  SystemInit                    
00000eb1  T32_INT1_IRQHandler           
00000eb1  T32_INT2_IRQHandler           
00000eb1  T32_INTC_IRQHandler           
0000052f  TA0_0_IRQHandler              
0000052f  TA0_0_IRQHandler              
00000eb1  TA0_N_IRQHandler              
00000eb1  TA1_0_IRQHandler              
00000eb1  TA1_N_IRQHandler              
00000eb1  TA2_0_IRQHandler              
00000eb1  TA2_N_IRQHandler              
00000eb1  TA3_0_IRQHandler              
00000eb1  TA3_N_IRQHandler              
00000a73  UART_Clear                    
00000a6d  UART_Receive                  
00000a53  UART_Send                     
00000eb1  UsageFault_Handler            
4000480c  WDTCTL_SYM                    
00000eb1  WDT_A_IRQHandler              
20010000  __STACK_END                   
00000200  __STACK_SIZE                  
00000ef0  __TI_CINIT_Base               
00000f00  __TI_CINIT_Limit              
00000ed8  __TI_Handler_Table_Base       
00000ee4  __TI_Handler_Table_Limit      
00000dd1  __TI_auto_init_nobinit_nopinit
00000cd5  __TI_decompress_lzss          
00000e97  __TI_decompress_none          
ffffffff  __TI_pprof_out_hndl           
ffffffff  __TI_prof_data_size           
ffffffff  __TI_prof_data_start          
00000000  __TI_static_base__            
00000e85  __TI_zero_init_nomemset       
00000c67  __aeabi_d2f                   
00000d89  __aeabi_d2iz                  
000006eb  __aeabi_dadd                  
00000897  __aeabi_ddiv                  
000006e1  __aeabi_dsub                  
00000e4d  __aeabi_f2d                   
00000bcb  __aeabi_memcpy                
00000bcb  __aeabi_memcpy4               
00000bcb  __aeabi_memcpy8               
ffffffff  __binit__                     
ffffffff  __c_args__                    
UNDEFED   __mpu_init                    
2000fe00  __stack                       
00000e15  _c_int00_noargs               
UNDEFED   _system_post_cinit            
00000eb3  _system_pre_init              
00000eb7  abort                         
ffffffff  binit                         
20000014  change_direction              
20000000  cycle_stage                   
20000010  direction                     
00000d47  enable_interrupts             
2000001c  global_string                 
00000419  init_Motor_Timer              
000009cd  init_UART                     
00000d5d  init_motor_outputs            
00000000  interruptVectors              
00000af9  main                          
00000bcb  memcpy                        
0000044f  motor_change_direction        
00000439  motor_change_speed            
00000481  motor_step_change             
20000004  speed_level                   
2000000c  step_size                     
00000d3d  stop_watchdog_timer           
20000020  value_entered                 


GLOBAL SYMBOLS: SORTED BY Symbol Address 

address   name                          
-------   ----                          
00000000  __TI_static_base__            
00000000  interruptVectors              
000000e5  SystemCoreClockUpdate         
00000200  __STACK_SIZE                  
0000035d  SystemInit                    
00000419  init_Motor_Timer              
00000439  motor_change_speed            
0000044f  motor_change_direction        
00000481  motor_step_change             
0000052f  TA0_0_IRQHandler              
0000052f  TA0_0_IRQHandler              
000006e1  __aeabi_dsub                  
000006eb  __aeabi_dadd                  
00000897  __aeabi_ddiv                  
000009cd  init_UART                     
00000a53  UART_Send                     
00000a6d  UART_Receive                  
00000a73  UART_Clear                    
00000a7b  EUSCIA0_IRQHandler            
00000a7b  EUSCIA0_IRQHandler            
00000af9  main                          
00000bcb  __aeabi_memcpy                
00000bcb  __aeabi_memcpy4               
00000bcb  __aeabi_memcpy8               
00000bcb  memcpy                        
00000c67  __aeabi_d2f                   
00000cd5  __TI_decompress_lzss          
00000d3d  stop_watchdog_timer           
00000d47  enable_interrupts             
00000d5d  init_motor_outputs            
00000d89  __aeabi_d2iz                  
00000dd1  __TI_auto_init_nobinit_nopinit
00000e15  _c_int00_noargs               
00000e4d  __aeabi_f2d                   
00000e85  __TI_zero_init_nomemset       
00000e97  __TI_decompress_none          
00000ea5  Reset_Handler                 
00000eb1  ADC14_IRQHandler              
00000eb1  AES256_IRQHandler             
00000eb1  BusFault_Handler              
00000eb1  COMP_E0_IRQHandler            
00000eb1  COMP_E1_IRQHandler            
00000eb1  CS_IRQHandler                 
00000eb1  DMA_ERR_IRQHandler            
00000eb1  DMA_INT0_IRQHandler           
00000eb1  DMA_INT1_IRQHandler           
00000eb1  DMA_INT2_IRQHandler           
00000eb1  DMA_INT3_IRQHandler           
00000eb1  DebugMon_Handler              
00000eb1  Default_Handler               
00000eb1  EUSCIA1_IRQHandler            
00000eb1  EUSCIA2_IRQHandler            
00000eb1  EUSCIA3_IRQHandler            
00000eb1  EUSCIB0_IRQHandler            
00000eb1  EUSCIB1_IRQHandler            
00000eb1  EUSCIB2_IRQHandler            
00000eb1  EUSCIB3_IRQHandler            
00000eb1  FLCTL_IRQHandler              
00000eb1  FPU_IRQHandler                
00000eb1  HardFault_Handler             
00000eb1  MemManage_Handler             
00000eb1  NMI_Handler                   
00000eb1  PCM_IRQHandler                
00000eb1  PORT1_IRQHandler              
00000eb1  PORT2_IRQHandler              
00000eb1  PORT3_IRQHandler              
00000eb1  PORT4_IRQHandler              
00000eb1  PORT5_IRQHandler              
00000eb1  PORT6_IRQHandler              
00000eb1  PSS_IRQHandler                
00000eb1  PendSV_Handler                
00000eb1  RTC_C_IRQHandler              
00000eb1  SVC_Handler                   
00000eb1  SysTick_Handler               
00000eb1  T32_INT1_IRQHandler           
00000eb1  T32_INT2_IRQHandler           
00000eb1  T32_INTC_IRQHandler           
00000eb1  TA0_N_IRQHandler              
00000eb1  TA1_0_IRQHandler              
00000eb1  TA1_N_IRQHandler              
00000eb1  TA2_0_IRQHandler              
00000eb1  TA2_N_IRQHandler              
00000eb1  TA3_0_IRQHandler              
00000eb1  TA3_N_IRQHandler              
00000eb1  UsageFault_Handler            
00000eb1  WDT_A_IRQHandler              
00000eb3  _system_pre_init              
00000eb7  C$$EXIT                       
00000eb7  abort                         
00000ed8  __TI_Handler_Table_Base       
00000ee4  __TI_Handler_Table_Limit      
00000ef0  __TI_CINIT_Base               
00000f00  __TI_CINIT_Limit              
20000000  cycle_stage                   
20000004  speed_level                   
20000008  RPM                           
2000000c  step_size                     
20000010  direction                     
20000014  change_direction              
20000018  SystemCoreClock               
2000001c  global_string                 
20000020  value_entered                 
2000fe00  __stack                       
20010000  __STACK_END                   
4000480c  WDTCTL_SYM                    
ffffffff  __TI_pprof_out_hndl           
ffffffff  __TI_prof_data_size           
ffffffff  __TI_prof_data_start          
ffffffff  __binit__                     
ffffffff  __c_args__                    
ffffffff  binit                         
UNDEFED   __mpu_init                    
UNDEFED   _system_post_cinit            

[113 symbols]
